[www.esri.com/en-us/home.html]
[backblue.gif]
[fade.gif]
[index.html]
[www.esri.com/en-us/landing-page/corporate-programs/2020/forrester-names-esri-leader-location-intelligence.html]
[www.esri.com/en-us/racial-equity/overview.html]
[www.esri.com/en-us/covid-19/overview.html]
[www.esri.com/en-us/arcgis/about-arcgis/overview.html]
[www.esri.com/en-us/location-intelligence.html]
[www.esri.com/en-us/about/esri-partner-network/our-partners/global-alliances/salesforce-esri.html]
[www.esri.com/en-us/about/events/index/overview.html]
[www.esri.com/en-us/maps-we-love/overview.html]
[www.esri.com/en-us/maps-we-love/gallery/bare-earth.html]
[www.esri.com/en-us/about/about-esri/overview.html]
[www.esri.com/en-us/what-is-gis/overview.html]
[www.esri.com/en-us/home.html]
[www.esri.com/en-us/landing-page/corporate-programs/2020/forrester-names-esri-leader-location-intelligence.html]
[www.esri.com/en-us/racial-equity/local-government.html]
[www.esri.com/en-us/disaster-response/request-assistance.html]
[www.esri.com/en-us/racial-equity/overview.html]
[www.esri.com/en-us/solutions/industries/sustainability/nonprofit-program/overview.html]
[www.esri.com/en-us/covid-19/response.html]
[www.esri.com/en-us/covid-19/business-continuity.html]
[www.esri.com/en-us/covid-19/community-maps/gallery.html]
[www.esri.com/en-us/covid-19/resources.html]
[www.esri.com/en-us/about/esri-partner-network/find-partner/search31fb.html]
[www.esri.com/en-us/industries/government/overview.html]
[www.esri.com/en-us/news-publications/newsroom/media-relations/about.html]
[www.esri.com/en-us/industries/retail/overview.html]
[www.esri.com/en-us/covid-19/overview.html]
[www.esri.com/en-us/arcgis/products/spatial-analytics-data-science/overview.html]
[www.esri.com/en-us/disaster-response/request-assistance/index.html]
[www.esri.com/en-us/arcgis/products/field-operations/overview.html]
[www.esri.com/en-us/arcgis/products/mapping.html]
[www.esri.com/en-us/arcgis/3d-gis/overview.html]
[www.esri.com/en-us/arcgis/products/imagery-remote-sensing/overview.html]
[www.esri.com/en-us/arcgis/products/data-managementa84e.html]
[www.esri.com/en-us/arcgis/products/apps-for-everyone/overview.html]
[www.esri.com/en-us/arcgis/products/arcgis-for-developers/overview.html]
[www.esri.com/en-us/arcgis/services/overview.html]
[www.esri.com/en-us/about/events/uc/overview.html]
[www.esri.com/en-us/arcgis/products/arcgis-online/overview.html]
[www.esri.com/en-us/arcgis/products/arcgis-enterprise/overview.html]
[www.esri.com/en-us/arcgis/about-arcgis/overview.html]
[www.esri.com/en-us/contact.html]
[www.esri.com/en-us/location-intelligence.html]
[www.esri.com/en-us/landing-page/corporate-programs/2020/forrester-names-esri-leader-location-intelligence92d5.html]
[www.esri.com/en-us/arcgis/products/living-atlas.html]
[www.esri.com/en-us/arcgis/products/location-services/services/basemaps4106.html]
[www.esri.com/en-us/arcgis/products/data/overview1778.html]
[www.esri.com/en-us/industries/needs/site-analysis-territory-planning.html]
[www.esri.com/en-us/see/overview.html]
[www.esri.com/en-us/about/esri-partner-network/our-partners/global-alliances/salesforce-esri.html]
[www.esri.com/en-us/about/events/index/proceedings.html]
[www.esri.com/en-us/about/events/index/user-groups.html]
[www.esri.com/en-us/about/events/index/events-app.html]
[www.esri.com/en-us/about/events/water-conference/overview.html]
[www.esri.com/en-us/about/events/education-summit/save-date.html]
[www.esri.com/en-us/about/events/geoconx/overview.html]
[www.esri.com/en-us/about/events/cio-summit/overview.html]
[www.esri.com/en-us/about/events/esri-southeast-uc/overview.html]
[www.esri.com/en-us/about/events/gis-sustainable-world/save-date.html]
[www.esri.com/en-us/about/events/engineering-summit/save-date.html]
[www.esri.com/en-us/about/events/imagery-summit/overview.html]
[www.esri.com/en-us/about/events/petroleum-gis-conference/save-date.html]
[www.esri.com/en-us/about/events/esri-european-geoconx-conference/overview.html]
[www.esri.com/en-us/about/events/nspss/overview.html]
[www.esri.com/en-us/about/events/devsummit/save-date.html]
[www.esri.com/en-us/about/events/partner-conference/overview.html]
[www.esri.com/en-us/about/events/esri-midwest-uc/overview.html]
[www.esri.com/en-us/about/events/geodesign-summit/overview.html]
[www.esri.com/en-us/about/events/federal-gis-conference/overview.html]
[www.esri.com/en-us/about/events/redlands-forum/overview.html]
[www.esri.com/en-us/about/events/arcgis-user-seminars/save-date.html]
[www.esri.com/en-us/about/events/esri-mid-atlantic-uc/overview.html]
[www.esri.com/en-us/about/events/gulf-coast-uc/overview.html]
[www.esri.com/en-us/about/events/owc-forum/overviewf833.html]
[www.esri.com/en-us/about/events/devsummit-europe/overview.html]
[www.esri.com/en-us/about/events/euro-petroleum-conference/overview.html]
[www.esri.com/en-us/about/events/esri-aec-summit/overview.html]
[www.esri.com/en-us/about/events/esri-water-summit/overview.html]
[www.esri.com/en-us/about/events/esri-southwest-uc/overview.html]
[www.esri.com/en-us/about/events/devsummit-dc/overview.html]
[www.esri.com/en-us/about/events/esri-middle-east-africa-uc/overview.html]
[www.esri.com/en-us/about/events/health-human-services-conference/overview.html]
[www.esri.com/en-us/about/events/euro-transportation-gis-summit/overview.html]
[www.esri.com/en-us/about/events/index/call-for-images.html]
[www.esri.com/en-us/about/events/index/overview.html]
[www.esri.com/en-us/about/events/code-of-conduct.html]
[www.esri.com/en-us/maps-we-love/gallery.html]
[www.esri.com/en-us/maps-we-love/gallery/human-reach.html]
[www.esri.com/en-us/maps-we-love/gallery/one-city-marathon.html]
[www.esri.com/en-us/maps-we-love/gallery/election-2016-dot-density.html]
[www.esri.com/en-us/maps-we-love/gallery/hachured-hand-drawn-terrain.html]
[www.esri.com/en-us/maps-we-love/gallery/animated-tornado-tree-rings.html]
[www.esri.com/en-us/maps-we-love/gallery/uptown-waterloo.html]
[www.esri.com/en-us/maps-we-love/gallery/beer-wine.html]
[www.esri.com/en-us/arcgis/products/arcgis-online/capabilities/make-maps.html]
[www.esri.com/en-us/maps-we-love/overview.html]
[www.esri.com/en-us/arcgis/products/arcgis-storymaps/contest/gallery/2018-winners6199.html]
[www.esri.com/en-us/maps-we-love/gallery/bare-earth.html]
[www.esri.com/en-us/about/about-esri/who-we-are.html]
[www.esri.com/en-us/about/about-esri/what-we-do.html]
[www.esri.com/en-us/about/about-esri/why-we-do-it.html]
[www.esri.com/en-us/about/careers/overview6310.html]
[www.esri.com/en-us/about/esri-partner-network/find-partner.html]
[www.esri.com/en-us/about/code-of-conduct.html]
[www.esri.com/en-us/about/about-esri/overview.html]
[www.esri.com/en-us/what-is-gis/showcase.html]
[www.esri.com/en-us/what-is-gis/history-of-gis.html]
[www.esri.com/en-us/what-is-gis/careers.html]
[www.esri.com/en-us/what-is-gis/get-started.html]
[www.esri.com/en-us/industries/real-estate/shift-share.html]
[www.esri.com/en-us/industries/education/overview.html]
[www.esri.com/en-us/industries/health/overview.html]
[www.esri.com/en-us/industries/insurance/overview.html]
[www.esri.com/en-us/industries/manufacturing/overview.html]
[www.esri.com/en-us/industries/petroleum/overview.html]
[www.esri.com/en-us/industries/public-safety/overview.html]
[www.esri.com/en-us/industries/real-estate/overview.html]
[www.esri.com/en-us/solutions/industries/sustainability/overview8e80.html]
[www.esri.com/en-us/industries/telecommunications/overview.html]
[www.esri.com/en-us/industries/transportation/overview.html]
[www.esri.com/en-us/industries/utilities1156.html]
[www.esri.com/en-us/industries/natural-resources/overview.html]
[www.esri.com/en-us/what-is-gis/overview.html]
[www.esri.com/en-us/racial-equity/local-government.html]
[www.esri.com/en-us/industries/water/overview.html]
[www.esri.com/en-us/disaster-response/overview.html]
[www.esri.com/en-us/disaster-response/disasters/earthquakes.html]
[www.esri.com/en-us/disaster-response/disasters/flooding.html]
[www.esri.com/en-us/disaster-response/disasters/humanitarian.html]
[www.esri.com/en-us/disaster-response/disasters/hurricanes.html]
[www.esri.com/en-us/disaster-response/disasters/severe-weather.html]
[www.esri.com/en-us/disaster-response/disasters/wildfires.html]
[www.esri.com/en-us/disaster-response/request-assistance.html]
[www.esri.com/en-us/disaster-response/resources.html]
[www.esri.com/en-us/solutions/industries/sustainability/overview.html]
[www.esri.com/en-us/solutions/industries/sustainability/sustainable-development/overview.html]
[www.esri.com/en-us/solutions/industries/sustainability/sustainable-development/goals.html]
[www.esri.com/en-us/solutions/industries/sustainability/conservation/overview.html]
[www.esri.com/en-us/solutions/industries/sustainability/conservation/protected-area-management.html]
[www.esri.com/en-us/solutions/industries/sustainability/humanitarian.html]
[www.esri.com/en-us/solutions/industries/sustainability/nonprofit-program/eligibility.html]
[www.esri.com/en-us/solutions/industries/sustainability/events.html]
[www.esri.com/en-us/solutions/industries/sustainability/nonprofit-program/overview.html]
[www.esri.com/en-us/solutions/industries/sustainability/nonprofit-program/nonprofit-application.html]
[www.esri.com/en-us/landing-page/industry/health-and-human-services/2020/article-washington-state-helps-essential-workers-locate-childcare-facilities.html]
[www.esri.com/en-us/landing-page/industry/government/2020/michigan-dot-case-study.html]
[www.esri.com/en-us/landing-page/industry/health-and-human-services/2020/leon-county-supports-local-businesses-during-covid-19-pandemic.html]
[www.esri.com/en-us/covid-19/response.html]
[www.esri.com/en-us/covid-19/business-continuity/workforce-capacity.html]
[www.esri.com/en-us/covid-19/business-continuity/facility-status.html]
[www.esri.com/en-us/covid-19/business-continuity/business-recovery.html]
[www.esri.com/en-us/covid-19/business-continuity/supply-network-resilience.html]
[www.esri.com/en-us/covid-19/business-continuity.html]
[www.esri.com/en-us/covid-19/business-continuity/communications-hub.html]
[www.esri.com/en-us/covid-19/community-maps/maps-apps.html]
[www.esri.com/en-us/covid-19/community-maps/gallery.html]
[www.esri.com/en-us/landing-page/industry/government/2020/fdacs-case-study.html]
[www.esri.com/en-us/landing-page/industry/health-and-human-services/2020/auburn-maine-covid-19-dashboard.html]
[www.esri.com/en-us/landing-page/industry/health-and-human-services/2020/cobb-county-case-study.html]
[www.esri.com/en-us/landing-page/industry/health-and-human-services/2020/seattle-focuses-on-economic-recovery-starting-locally.html]
[www.esri.com/en-us/landing-page/industry/government/2020/city-of-sarasota-case-study.html]
[www.esri.com/en-us/landing-page/industry/government/2020/douglas-county-case-study.html]
[www.esri.com/en-us/covid-19/resources.html]
[www.esri.com/en-us/landing-page/industry/health-and-human-services/2020/shawnee-county-keeps-residents-informed-safe-with-data-dashboards.html]
[www.esri.com/en-us/about/esri-partner-network/find-partner/search31fb.html]
[www.esri.com/en-us/about/esri-partner-network/find-partner/search.html]
[www.esri.com/en-us/industries/government/webinars.html]
[www.esri.com/en-us/industries/government/departments.html]
[www.esri.com/en-us/industries/government/get-started.html]
[www.esri.com/en-us/smart-communities/overview0d03.html]
[www.esri.com/en-us/smart-communities/overview90ee.html]
[www.esri.com/en-us/smart-communities/overviewe380.html]
[www.esri.com/en-us/industries/government/departments/elected-officials.html]
[www.esri.com/en-us/industries/government/departments/elections.html]
[www.esri.com/en-us/industries/land-administration/overview.html]
[www.esri.com/en-us/industries/government/departments/national-mapping-charting.html]
[www.esri.com/en-us/industries/government/departments/official-statistics.html]
[www.esri.com/en-us/industries/health/segments/public-health.html]
[www.esri.com/en-us/industries/transportation/segments/airports-aviation.html]
[www.esri.com/en-us/industries/government/departments/community-development.html]
[www.esri.com/en-us/industries/transportation/segments/ports-maritime.html]
[www.esri.com/en-us/industries/transportation/segments/public-transport.html]
[www.esri.com/en-us/industries/government/departments/public-works.html]
[www.esri.com/en-us/industries/transportation/segments/roads-highways.html]
[www.esri.com/en-us/industries/natural-resources/segments/agriculture.html]
[www.esri.com/en-us/industries/government/departments/earth-sciences.html]
[www.esri.com/en-us/industries/environment-natural-resources/overview.html]
[www.esri.com/en-us/industries/natural-resources/segments/forestry.html]
[www.esri.com/en-us/industries/natural-resources/segments/mining.html]
[www.esri.com/en-us/industries/water/segments/water-resources.html]
[www.esri.com/en-us/industries/government/departments/defense.html]
[www.esri.com/en-us/industries/emergency-management/overview0248.html]
[www.esri.com/en-us/industries/emergency-communications/solutions/call-taking-dispatch3592.html]
[www.esri.com/en-us/industries/fire-rescue-ems/overview6382.html]
[www.esri.com/en-us/industries/intelligence/overviewdbb8.html]
[www.esri.com/en-us/industries/law-enforcement/overviewefdf.html]
[www.esri.com/en-us/landing-page/industry/government/2020/ng-webinar-1-beyond-technology-.html]
[www.esri.com/en-us/landing-page/industry/government/2020/ng-webinar2-field-operations.html]
[www.esri.com/en-us/industries/government/overview.html]
[www.esri.com/en-us/disaster-response/request-assistance/index.html]
[www.esri.com/en-us/news-publications/newsroom/media-relations/about40d4.html]
[www.esri.com/en-us/news-publications/newsroom/media-relations/fact-sheet.html]
[www.esri.com/en-us/news-publications/newsroom/media-relations/assets-guidelines.html]
[www.esri.com/en-us/news-publications/newsroom/media-relations/about.html]
[www.esri.com/en-us/industries/index.html]
[www.esri.com/en-us/industries/retail/segments/market-planning.html]
[www.esri.com/en-us/industries/retail/segments/merchandising.html]
[www.esri.com/en-us/industries/retail/segments/store-operations.html]
[www.esri.com/en-us/industries/retail/get-started.html]
[www.esri.com/en-us/industries/retail/market-analysis-map.html]
[www.esri.com/en-us/industries/retail/segments/business-intelligence.html]
[www.esri.com/en-us/industries/digital-supply-network.html]
[www.esri.com/en-us/industries/market-development.html]
[www.esri.com/en-us/industries/corporate-security.html]
[www.esri.com/en-us/industries/retail/overview.html]
[www.esri.com/en-us/arcgis/products/spatial-analytics-data-science/capabilities/data-engineering.html]
[www.esri.com/en-us/arcgis/products/spatial-analytics-data-science/capabilities/visualization-exploration.html]
[www.esri.com/en-us/arcgis/products/spatial-analytics-data-science/capabilities/spatial-analysis.html]
[www.esri.com/en-us/arcgis/products/spatial-analytics-data-science/capabilities/machine-learning-ai.html]
[www.esri.com/en-us/arcgis/products/spatial-analytics-data-science/capabilities/real-time-big-data-analytics.html]
[www.esri.com/en-us/arcgis/products/spatial-analytics-data-science/capabilities/modeling-scripting.html]
[www.esri.com/en-us/arcgis/products/spatial-analytics-data-science/capabilities/collaboration.html]
[www.esri.com/en-us/arcgis/products/spatial-analytics-data-science/events.html]
[www.esri.com/en-us/arcgis/products/spatial-analytics-data-science/overview.html]
[www.esri.com/en-us/arcgis/products/spatial-analytics-data-science/get-started.html]
[www.esri.com/en-us/arcgis/products/field-operations/pricing.html]
[www.esri.com/en-us/arcgis/products/arcgis-workforce/overviewe84f.html]
[www.esri.com/en-us/arcgis/products/arcgis-navigator/overview450b.html]
[www.esri.com/en-us/arcgis/products/arcgis-explorer/overview.html]
[www.esri.com/en-us/arcgis/products/arcgis-collector/overview9a9c.html]
[www.esri.com/en-us/arcgis/products/arcgis-survey123/overviewa928.html]
[www.esri.com/en-us/arcgis/products/arcgis-quickcapture/overview.html]
[www.esri.com/en-us/arcgis/products/arcgis-dashboards/overview.html]
[www.esri.com/en-us/arcgis/products/arcgis-tracker/overview.html]
[www.esri.com/en-us/arcgis/products/field-operations/overview.html]
[www.esri.com/en-us/arcgis/products/geocoding.html]
[www.esri.com/en-us/arcgis/products/arcgis-online/capabilities/data.html]
[www.esri.com/en-us/smart-mapping.html]
[www.esri.com/en-us/arcgis/products/configurable-apps/overview.html]
[www.esri.com/en-us/arcgis/products/arcgis-storymaps/overview.html]
[www.esri.com/en-us/arcgis/products/arcgis-dashboards/overviewe019.html]
[www.esri.com/en-us/arcgis/products/arcgis-web-appbuilder/overview6a49.html]
[www.esri.com/en-us/arcgis/products/arcgis-enterprise/features.html]
[www.esri.com/en-us/arcgis/products/arcgis-pro/features.html]
[www.esri.com/en-us/arcgis/products/mapping.html]
[www.esri.com/en-us/arcgis/3d-gis/local-government.html]
[www.esri.com/en-us/arcgis/3d-gis/national-government.html]
[www.esri.com/en-us/arcgis/3d-gis/urban-design.html]
[www.esri.com/en-us/arcgis/3d-gis/entertainment.html]
[www.esri.com/en-us/arcgis/products/arcgis-cityengine/overview.html]
[www.esri.com/en-us/arcgis/products/arcgis-pro/overview.html]
[www.esri.com/en-us/arcgis/3d-gis/overview.html]
[www.esri.com/en-us/arcgis/products/imagery-remote-sensing/capabilities/content.html]
[www.esri.com/en-us/arcgis/products/imagery-remote-sensing/capabilities/visualization-exploitation.html]
[www.esri.com/en-us/arcgis/products/imagery-remote-sensing/capabilities/analysis.html]
[www.esri.com/en-us/arcgis/products/imagery-remote-sensing/capabilities/management.html]
[www.esri.com/en-us/arcgis/products/imagery-remote-sensing/capabilities/map-production.html]
[www.esri.com/en-us/arcgis/products/imagery-remote-sensing/resources.html]
[www.esri.com/en-us/arcgis/products/imagery-remote-sensing/overview.html]
[www.esri.com/en-us/arcgis/products/imagery-remote-sensing/get-started.html]
[www.esri.com/en-us/arcgis/products/data-management.html]
[www.esri.com/en-us/arcgis/products/arcgis-data-reviewer/overview.html]
[www.esri.com/en-us/arcgis/products/arcgis-hub/overview.html]
[www.esri.com/en-us/contact61a0.html]
[www.esri.com/en-us/arcgis/products/data-managementa84e.html]
[www.esri.com/en-us/arcgis/products/field-operations/overview0f70.html]
[www.esri.com/en-us/arcgis/products/apps-for-everyone/office.html]
[www.esri.com/en-us/arcgis/products/apps-for-everyone/community.html]
[www.esri.com/en-us/arcgis/products/apps-for-everyone/builders.html]
[www.esri.com/en-us/arcgis/products/arcgis-collector/overview.html]
[www.esri.com/en-us/arcgis/products/arcgis-navigator/overview.html]
[www.esri.com/en-us/arcgis/products/arcgis-workforce/overview.html]
[www.esri.com/en-us/arcgis/products/arcgis-survey123/overview.html]
[www.esri.com/en-us/arcgis/products/arcgis-earth/overview.html]
[www.esri.com/en-us/arcgis/products/arcgis-maps-for-power-bi/overview.html]
[www.esri.com/en-us/arcgis/products/arcgis-maps-for-office/overview.html]
[www.esri.com/en-us/arcgis/products/arcgis-business-analyst/applications/web-mobile-apps.html]
[www.esri.com/en-us/arcgis/products/arcgis-community-analyst/overview.html]
[www.esri.com/en-us/arcgis/products/arcgis-geoplanner/overview.html]
[www.esri.com/en-us/arcgis/products/arcgis-maps-for-sharepoint/overview.html]
[www.esri.com/en-us/arcgis/products/maps-for-adobecc/overview.html]
[www.esri.com/en-us/arcgis/products/arcgis-insights/overview8084.html]
[www.esri.com/en-us/arcgis/products/arcgis-drone2map/overview.html]
[www.esri.com/en-us/arcgis/products/arcgis-appstudio/overview.html]
[www.esri.com/en-us/arcgis/products/arcgis-experience-builder/overview.html]
[www.esri.com/en-us/arcgis/products/esri-redistricting/overview.html]
[www.esri.com/en-us/arcgis/products/arcgis-online/buy321f.html]
[www.esri.com/en-us/arcgis/products/apps-for-everyone/overview.html]
[www.esri.com/en-us/arcgis/products/arcgis-for-developers/features/maps.html]
[www.esri.com/en-us/arcgis/products/arcgis-for-developers/features/data-visualizations.html]
[www.esri.com/en-us/arcgis/products/arcgis-for-developers/features/geocoding.html]
[www.esri.com/en-us/arcgis/products/arcgis-for-developers/features/routing-directions.html]
[www.esri.com/en-us/arcgis/products/arcgis-for-developers/features/ready-use-data.html]
[www.esri.com/en-us/arcgis/products/arcgis-for-developers/features/spatial-analysis.html]
[www.esri.com/en-us/arcgis/products/arcgis-for-developers/features/data-hosting.html]
[www.esri.com/en-us/arcgis/products/arcgis-for-developers/overview.html]
[www.esri.com/en-us/arcgis/products/arcgis-for-developers/features/offline-apps.html]
[www.esri.com/en-us/landing-page/corporate-programs/2020/county-of-bonneville-case-study.html]
[www.esri.com/en-us/arcgis/services/overview.html]
[www.esri.com/en-us/arcgis/services/overview/gc-advantagepoint.html]
[www.esri.com/en-us/about/events/uc/agenda/agenda.html]
[www.esri.com/en-us/about/events/uc/agenda/plenary.html]
[www.esri.com/en-us/about/events/uc/agenda/search.html]
[www.esri.com/en-us/about/events/uc/agenda/proceedings.html]
[www.esri.com/en-us/about/events/uc/experience/health-fitness.html]
[www.esri.com/en-us/about/events/uc/experience/related-events.html]
[www.esri.com/en-us/about/events/uc/experience/awards.html]
[www.esri.com/en-us/about/events/uc/experience/arcgis-appointments.html]
[www.esri.com/en-us/about/events/uc/experience/sponsors-and-exhibitors.html]
[www.esri.com/en-us/about/events/uc/experience/store.html]
[www.esri.com/en-us/about/events/uc/get-involved/lightning-talks.html]
[www.esri.com/en-us/about/events/uc/get-involved/become-sponsor-exhibitor.html]
[www.esri.com/en-us/about/events/uc/get-involved/map-gallery.html]
[www.esri.com/en-us/about/events/uc/get-involved/q-a.html]
[www.esri.com/en-us/about/events/uc/esri-uc-map-gallery.html]
[www.esri.com/en-us/about/events/uc/faqs.html]
[www.esri.com/en-us/about/events/uc/overview.html]
[www.esri.com/en-us/about/events/uc/login.html]
[www.esri.com/en-us/arcgis/products/arcgis-online/capabilities/analyze-data.html]
[www.esri.com/en-us/arcgis/products/arcgis-online/capabilities/share.html]
[www.esri.com/en-us/arcgis/products/arcgis-online/capabilities/collaborate.html]
[www.esri.com/en-us/arcgis/products/arcgis-online/resources.html]
[www.esri.com/en-us/arcgis/products/arcgis-online/buy.html]
[www.esri.com/en-us/arcgis/products/arcgis-online/trial.html]
[www.esri.com/en-us/arcgis/products/arcgis-online/overview#contact.html]
[www.esri.com/en-us/arcgis/products/arcgis-online/enterprise-ready.html]
[www.esri.com/en-us/arcgis/products/arcgis-online/overview/kenton-county.html]
[www.esri.com/en-us/arcgis/products/arcgis-online/overview.html]
[www.esri.com/en-us/arcgis/products/arcgis-enterprise/pricing.html]
[www.esri.com/en-us/arcgis/products/arcgis-enterprise/resources.html]
[www.esri.com/en-us/landing-page/product/2020/st-petersburg-police-dept-case-study.html]
[www.esri.com/en-us/landing-page/product/2019/farr-west-engineering-case-study.html]
[www.esri.com/en-us/arcgis/products/arcgis-enterprise/overview/three-rivers-park-district-case-study.html]
[www.esri.com/en-us/arcgis/products/arcgis-enterprise/overview/case-study-lyse.html]
[www.esri.com/en-us/arcgis/products/arcgis-enterprise/overview/case-study-chick-fil-a.html]
[www.esri.com/en-us/arcgis/products/arcgis-enterprise/newsletter.html]
[www.esri.com/en-us/arcgis/products/arcgis-enterprise/overview.html]
[www.esri.com/en-us/manage-subscriptions.html]
[www.esri.com/en-us/contact.html]
[www.esri.com/en-us/landing-page/corporate-programs/2020/forrester-names-esri-leader-location-intelligence92d5.html]
[www.esri.com/en-us/landing-page/product/2020/news-sign-up19c2.html]
[www.esri.com/en-us/arcgis/products/living-atlas.html]
[www.esri.com/en-us/arcgis/products/location-services/services/basemaps.html]
[www.esri.com/en-us/arcgis/products/data-appliance/overview.html]
[www.esri.com/en-us/arcgis/products/location-services/services/basemaps4106.html]
[www.esri.com/en-us/arcgis/products/data/overview.html]
[www.esri.com/en-us/arcgis/products/location-services/overview.html]
[www.esri.com/en-us/arcgis/products/data/data-portfolio/imagery.html]
[www.esri.com/en-us/arcgis/products/data/data-portfolio/demographics.html]
[www.esri.com/en-us/arcgis/products/data/data-portfolio/business-behavioral.html]
[www.esri.com/en-us/arcgis/products/data/data-portfolio/tapestry-segmentation.html]
[www.esri.com/en-us/arcgis/products/data/data-portfolio/environmental.html]
[www.esri.com/en-us/arcgis/products/data/data-portfolio/movement.html]
[www.esri.com/en-us/arcgis/products/data/data-portfolio/places.html]
[www.esri.com/en-us/arcgis/products/data/overview1778.html]
[www.esri.com/en-us/arcgis/products/data/data-portfolio/infrastructure.html]
[www.esri.com/en-us/industries/needs/market-customer-analysis.html]
[www.esri.com/en-us/industries/needs/supply-chain-digitization.html]
[www.esri.com/en-us/industries/needs/logistics-fulfillment.html]
[www.esri.com/en-us/industries/needs/site-analysis-territory-planning.html]
[www.esri.com/en-us/see/stories/walgreens.html]
[www.esri.com/en-us/see/stories/mta.html]
[www.esri.com/en-us/see/stories/port-of-rotterdam.html]
[www.esri.com/en-us/see/stories/lax.html]
[www.esri.com/en-us/see/stories/singapore.html]
[www.esri.com/en-us/see/stories/cal-oes.html]
[www.esri.com/en-us/see/stories/african-parks.html]
[www.esri.com/en-us/industries/needs/asset-tracking-analysis.html]
[www.esri.com/en-us/industries/needs/facility-management.html]
[www.esri.com/en-us/industries/needs/field-service-management.html]
[www.esri.com/en-us/industries/needs/performance-monitoring.html]
[www.esri.com/en-us/industries/needs/real-time-location-tracking.html]
[www.esri.com/en-us/industries/needs/risk-management.html]
[www.esri.com/en-us/industries/needs/civic-inclusion.html]
[www.esri.com/en-us/industries/needs/crisis-response.html]
[www.esri.com/en-us/industries/needs/economic-development.html]
[www.esri.com/en-us/industries/needs/operational-efficiency.html]
[www.esri.com/en-us/industries/needs/planning-sustainability.html]
[www.esri.com/en-us/industries/needs/safety-security.html]
[www.esri.com/en-us/industries/needs/situational-awareness.html]
[www.esri.com/en-us/see/overview.html]
[www.esri.com/en-us/about/events/index/proceedings.html]
[www.esri.com/en-us/about/events/index/user-groups.html]
[www.esri.com/en-us/about/events/index/events-app.html]
[www.esri.com/en-us/about/events/water-conference/agenda/agenda.html]
[www.esri.com/en-us/about/events/water-conference/agenda/plenary.html]
[www.esri.com/en-us/about/events/water-conference/agenda/training.html]
[www.esri.com/en-us/about/events/water-conference/experience/mobile-workshop.html]
[www.esri.com/en-us/about/events/water-conference/get-involved/call-for-presentations.html]
[www.esri.com/en-us/about/events/water-conference/overview.html]
[www.esri.com/en-us/about/events/education-summit/save-date.html]
[www.esri.com/en-us/about/events/water-conference/registration.html]
[www.esri.com/en-us/about/events/geoconx/agenda/agenda.html]
[www.esri.com/en-us/about/events/geoconx/agenda/plenary.html]
[www.esri.com/en-us/about/events/geoconx/get-involved/call-for-papers.html]
[www.esri.com/en-us/about/events/geoconx/overview.html]
[www.esri.com/en-us/about/events/geoconx/registration.html]
[www.esri.com/en-us/about/events/cio-summit/overview.html]
[www.esri.com/en-us/about/events/esri-southeast-uc/overview.html]
[www.esri.com/en-us/about/events/gis-sustainable-world/experience/sponsors-exhibitors.html]
[www.esri.com/en-us/about/events/gis-sustainable-world/save-date.html]
[www.esri.com/en-us/about/events/engineering-summit/save-date.html]
[www.esri.com/en-us/about/events/imagery-summit/registration.html]
[www.esri.com/en-us/about/events/imagery-summit/overview.html]
[www.esri.com/en-us/about/events/petroleum-gis-conference/save-date.html]
[www.esri.com/en-us/about/events/esri-european-geoconx-conference/overview.html]
[www.esri.com/en-us/about/events/nspss/overview.html]
[www.esri.com/en-us/about/events/devsummit/save-date.html]
[www.esri.com/en-us/about/events/partner-conference/agenda/agenda.html]
[www.esri.com/en-us/about/events/partner-conference/experience/showcase.html]
[www.esri.com/en-us/about/events/partner-conference/experience/things-to-do.html]
[www.esri.com/en-us/about/events/partner-conference/get-involved/become-sponsor-exhibitor.html]
[www.esri.com/en-us/about/events/partner-conference/get-involved/call-for-images.html]
[www.esri.com/en-us/about/events/partner-conference/plan-your-trip/hotel.html]
[www.esri.com/en-us/about/events/partner-conference/plan-your-trip/groups.html]
[www.esri.com/en-us/about/events/partner-conference/plan-your-trip/transportation.html]
[www.esri.com/en-us/about/events/partner-conference/plan-your-trip/on-site-services.html]
[www.esri.com/en-us/about/events/partner-conference/overview.html]
[www.esri.com/en-us/about/events/partner-conference/register.html]
[www.esri.com/en-us/about/events/esri-midwest-uc/agenda/agenda.html]
[www.esri.com/en-us/about/events/esri-midwest-uc/agenda/plenary.html]
[www.esri.com/en-us/about/events/esri-midwest-uc/agenda/hands-on-learning-lab.html]
[www.esri.com/en-us/about/events/esri-midwest-uc/overview.html]
[www.esri.com/en-us/about/events/geodesign-summit/overview.html]
[www.esri.com/en-us/about/events/federal-gis-conference/overview.html]
[www.esri.com/en-us/about/events/redlands-forum/overview.html]
[www.esri.com/en-us/about/events/arcgis-user-seminars/save-date.html]
[www.esri.com/en-us/about/events/esri-mid-atlantic-uc/overview.html]
[www.esri.com/en-us/about/events/gulf-coast-uc/overview.html]
[www.esri.com/en-us/about/events/owc-forum/overviewf833.html]
[www.esri.com/en-us/about/events/devsummit-europe/overview.html]
[www.esri.com/en-us/about/events/euro-petroleum-conference/overview.html]
[www.esri.com/en-us/about/events/esri-aec-summit/overview.html]
[www.esri.com/en-us/about/events/esri-water-summit/overview.html]
[www.esri.com/en-us/about/events/esri-southwest-uc/overview.html]
[www.esri.com/en-us/about/events/devsummit-dc/overview.html]
[www.esri.com/en-us/about/events/esri-middle-east-africa-uc/overview.html]
[www.esri.com/en-us/about/events/health-human-services-conference/overview.html]
[www.esri.com/en-us/about/events/euro-transportation-gis-summit/overview.html]
[www.esri.com/en-us/about/events/index/call-for-images.html]
[www.esri.com/en-us/about/events/code-of-conduct.html]
[www.esri.com/en-us/maps-we-love/gallery.html]
[www.esri.com/en-us/maps-we-love/gallery/human-reach.html]
[www.esri.com/en-us/maps-we-love/gallery/one-city-marathon.html]
[www.esri.com/en-us/maps-we-love/gallery/election-2016-dot-density.html]
[www.esri.com/en-us/maps-we-love/gallery/hachured-hand-drawn-terrain.html]
[www.esri.com/en-us/maps-we-love/gallery/animated-tornado-tree-rings.html]
[www.esri.com/en-us/maps-we-love/gallery/uptown-waterloo.html]
[www.esri.com/en-us/maps-we-love/gallery/beer-wine.html]
[www.esri.com/en-us/arcgis/products/arcgis-online/capabilities/make-maps.html]
[www.esri.com/en-us/arcgis/products/arcgis-storymaps/contest/gallery/2018-winners6199.html]
[www.esri.com/en-us/about/about-esri/who-we-are.html]
[www.esri.com/en-us/about/about-esri/what-we-do.html]
[www.esri.com/en-us/about/about-esri/why-we-do-it.html]
[www.esri.com/en-us/about/careers/overview6310.html]
[www.esri.com/en-us/about/esri-partner-network/find-partner.html]
[www.esri.com/en-us/about/code-of-conduct.html]
[www.esri.com/en-us/what-is-gis/showcase.html]
[www.esri.com/en-us/what-is-gis/history-of-gis.html]
[www.esri.com/en-us/what-is-gis/careers.html]
[www.esri.com/en-us/what-is-gis/get-started.html]
[www.esri.com/en-us/industries/real-estate/shift-share.html]
[www.esri.com/en-us/industries/education/overview.html]
[www.esri.com/en-us/industries/health/overview.html]
[www.esri.com/en-us/industries/insurance/overview.html]
[www.esri.com/en-us/industries/manufacturing/overview.html]
[www.esri.com/en-us/industries/petroleum/overview.html]
[www.esri.com/en-us/industries/public-safety/overview.html]
[www.esri.com/en-us/industries/real-estate/overview.html]
[www.esri.com/en-us/solutions/industries/sustainability/overview8e80.html]
[www.esri.com/en-us/industries/telecommunications/overview.html]
[www.esri.com/en-us/industries/transportation/overview.html]
[www.esri.com/en-us/industries/utilities1156.html]
[www.esri.com/en-us/industries/natural-resources/overview.html]
[www.esri.com/en-us/industries/water/overview.html]
[www.esri.com/en-us/disaster-response/overview.html]
[www.esri.com/en-us/disaster-response/disasters/earthquakes.html]
[www.esri.com/en-us/about/events/esri-midwest-uc/agenda/preconference-seminars.html]
[www.esri.com/en-us/disaster-response/disasters/flooding.html]
[www.esri.com/en-us/disaster-response/disasters/humanitarian.html]
[www.esri.com/en-us/disaster-response/disasters/hurricanes.html]
[www.esri.com/en-us/disaster-response/disasters/severe-weather.html]
[www.esri.com/en-us/disaster-response/disasters/wildfires.html]
[www.esri.com/en-us/disaster-response/resources.html]
[www.esri.com/en-us/solutions/industries/sustainability/overview.html]
[www.esri.com/en-us/solutions/industries/sustainability/sustainable-development/overview.html]
[www.esri.com/en-us/solutions/industries/sustainability/sustainable-development/goals.html]
[www.esri.com/en-us/solutions/industries/sustainability/conservation/overview.html]
[www.esri.com/en-us/solutions/industries/sustainability/conservation/protected-area-management.html]
[www.esri.com/en-us/solutions/industries/sustainability/humanitarian.html]
[www.esri.com/en-us/solutions/industries/sustainability/nonprofit-program/eligibility.html]
[www.esri.com/en-us/solutions/industries/sustainability/events.html]
[www.esri.com/en-us/solutions/industries/sustainability/nonprofit-program/nonprofit-application.html]
[www.esri.com/en-us/landing-page/industry/health-and-human-services/2020/article-washington-state-helps-essential-workers-locate-childcare-facilities.html]
[www.esri.com/en-us/landing-page/industry/government/2020/michigan-dot-case-study.html]
[www.esri.com/en-us/landing-page/industry/health-and-human-services/2020/leon-county-supports-local-businesses-during-covid-19-pandemic.html]
[www.esri.com/en-us/covid-19/business-continuity/workforce-capacity.html]
[www.esri.com/en-us/covid-19/business-continuity/facility-status.html]
[www.esri.com/en-us/covid-19/business-continuity/business-recovery.html]
[www.esri.com/en-us/covid-19/business-continuity/supply-network-resilience.html]
[www.esri.com/en-us/covid-19/business-continuity/communications-hub.html]
[www.esri.com/en-us/covid-19/community-maps/maps-apps.html]
[www.esri.com/en-us/landing-page/industry/government/2020/fdacs-case-study.html]
[www.esri.com/en-us/landing-page/industry/health-and-human-services/2020/auburn-maine-covid-19-dashboard.html]
[www.esri.com/en-us/landing-page/industry/health-and-human-services/2020/cobb-county-case-study.html]
[www.esri.com/en-us/landing-page/industry/health-and-human-services/2020/seattle-focuses-on-economic-recovery-starting-locally.html]
[www.esri.com/en-us/landing-page/industry/government/2020/city-of-sarasota-case-study.html]
[www.esri.com/en-us/landing-page/industry/government/2020/douglas-county-case-study.html]
[www.esri.com/en-us/landing-page/industry/health-and-human-services/2020/shawnee-county-keeps-residents-informed-safe-with-data-dashboards.html]
[www.esri.com/en-us/about/esri-partner-network/find-partner/search.html]
[www.esri.com/en-us/industries/government/webinars.html]
[www.esri.com/en-us/industries/government/departments.html]
[www.esri.com/en-us/industries/government/get-started.html]
[www.esri.com/en-us/smart-communities/overview0d03.html]
[www.esri.com/en-us/smart-communities/overview90ee.html]
[www.esri.com/en-us/smart-communities/overviewe380.html]
[www.esri.com/en-us/industries/government/departments/elected-officials.html]
[www.esri.com/en-us/industries/government/departments/elections.html]
[www.esri.com/en-us/industries/land-administration/overview.html]
[www.esri.com/en-us/industries/government/departments/national-mapping-charting.html]
[www.esri.com/en-us/industries/government/departments/official-statistics.html]
[www.esri.com/en-us/industries/health/segments/public-health.html]
[www.esri.com/en-us/industries/transportation/segments/airports-aviation.html]
[www.esri.com/en-us/industries/government/departments/community-development.html]
[www.esri.com/en-us/industries/transportation/segments/ports-maritime.html]
[www.esri.com/en-us/industries/transportation/segments/public-transport.html]
[www.esri.com/en-us/industries/government/departments/public-works.html]
[www.esri.com/en-us/industries/transportation/segments/roads-highways.html]
[www.esri.com/en-us/industries/natural-resources/segments/agriculture.html]
[www.esri.com/en-us/industries/government/departments/earth-sciences.html]
[www.esri.com/en-us/industries/environment-natural-resources/overview.html]
[www.esri.com/en-us/industries/natural-resources/segments/forestry.html]
[www.esri.com/en-us/industries/natural-resources/segments/mining.html]
[www.esri.com/en-us/industries/water/segments/water-resources.html]
[www.esri.com/en-us/industries/government/departments/defense.html]
[www.esri.com/en-us/industries/emergency-management/overview0248.html]
[www.esri.com/en-us/industries/emergency-communications/solutions/call-taking-dispatch3592.html]
[www.esri.com/en-us/industries/fire-rescue-ems/overview6382.html]
[www.esri.com/en-us/industries/intelligence/overviewdbb8.html]
[www.esri.com/en-us/industries/law-enforcement/overviewefdf.html]
[www.esri.com/en-us/landing-page/industry/government/2020/ng-webinar-1-beyond-technology-.html]
[www.esri.com/en-us/landing-page/industry/government/2020/ng-webinar2-field-operations.html]
[www.esri.com/en-us/news-publications/newsroom/media-relations/about40d4.html]
[www.esri.com/en-us/news-publications/newsroom/media-relations/fact-sheet.html]
[www.esri.com/en-us/news-publications/newsroom/media-relations/assets-guidelines.html]
[www.esri.com/en-us/industries/index.html]
[www.esri.com/en-us/industries/retail/segments/market-planning.html]
[www.esri.com/en-us/industries/retail/segments/merchandising.html]
[www.esri.com/en-us/industries/retail/segments/store-operations.html]
[www.esri.com/en-us/industries/retail/get-started.html]
[www.esri.com/en-us/industries/retail/market-analysis-map.html]
[www.esri.com/en-us/industries/retail/segments/business-intelligence.html]
[www.esri.com/en-us/industries/digital-supply-network.html]
[www.esri.com/en-us/industries/market-development.html]
[www.esri.com/en-us/industries/corporate-security.html]
[www.esri.com/en-us/arcgis/products/spatial-analytics-data-science/capabilities/data-engineering.html]
[www.esri.com/en-us/arcgis/products/spatial-analytics-data-science/capabilities/visualization-exploration.html]
[www.esri.com/en-us/arcgis/products/spatial-analytics-data-science/capabilities/spatial-analysis.html]
[www.esri.com/en-us/arcgis/products/spatial-analytics-data-science/capabilities/machine-learning-ai.html]
[www.esri.com/en-us/arcgis/products/spatial-analytics-data-science/capabilities/real-time-big-data-analytics.html]
[www.esri.com/en-us/arcgis/products/spatial-analytics-data-science/capabilities/modeling-scripting.html]
[www.esri.com/en-us/arcgis/products/spatial-analytics-data-science/capabilities/collaboration.html]
[www.esri.com/en-us/arcgis/products/spatial-analytics-data-science/events.html]
[www.esri.com/en-us/arcgis/products/spatial-analytics-data-science/get-started.html]
[www.esri.com/en-us/arcgis/products/field-operations/pricing.html]
[www.esri.com/en-us/arcgis/products/arcgis-workforce/overviewe84f.html]
[www.esri.com/en-us/arcgis/products/arcgis-navigator/overview450b.html]
[www.esri.com/en-us/arcgis/products/arcgis-explorer/overview.html]
[www.esri.com/en-us/arcgis/products/arcgis-collector/overview9a9c.html]
[www.esri.com/en-us/arcgis/products/arcgis-survey123/overviewa928.html]
[www.esri.com/en-us/arcgis/products/arcgis-quickcapture/overview.html]
[www.esri.com/en-us/arcgis/products/arcgis-dashboards/overview.html]
[www.esri.com/en-us/arcgis/products/arcgis-tracker/overview.html]
[www.esri.com/en-us/arcgis/products/geocoding.html]
[www.esri.com/en-us/arcgis/products/arcgis-online/capabilities/data.html]
[www.esri.com/en-us/smart-mapping.html]
[www.esri.com/en-us/arcgis/products/configurable-apps/overview.html]
[www.esri.com/en-us/arcgis/products/arcgis-storymaps/overview.html]
[www.esri.com/en-us/arcgis/products/arcgis-dashboards/overviewe019.html]
[www.esri.com/en-us/arcgis/products/arcgis-web-appbuilder/overview6a49.html]
[www.esri.com/en-us/arcgis/products/arcgis-enterprise/features.html]
[www.esri.com/en-us/arcgis/products/arcgis-pro/features.html]
[www.esri.com/en-us/arcgis/3d-gis/local-government.html]
[www.esri.com/en-us/arcgis/3d-gis/national-government.html]
[www.esri.com/en-us/arcgis/3d-gis/urban-design.html]
[www.esri.com/en-us/arcgis/3d-gis/entertainment.html]
[www.esri.com/en-us/arcgis/products/arcgis-cityengine/overview.html]
[www.esri.com/en-us/arcgis/products/arcgis-pro/overview.html]
[www.esri.com/en-us/arcgis/products/imagery-remote-sensing/capabilities/content.html]
[www.esri.com/en-us/arcgis/products/imagery-remote-sensing/capabilities/visualization-exploitation.html]
[www.esri.com/en-us/arcgis/products/imagery-remote-sensing/capabilities/analysis.html]
[www.esri.com/en-us/arcgis/products/imagery-remote-sensing/capabilities/management.html]
[www.esri.com/en-us/arcgis/products/imagery-remote-sensing/capabilities/map-production.html]
[www.esri.com/en-us/arcgis/products/imagery-remote-sensing/resources.html]
[www.esri.com/en-us/arcgis/products/imagery-remote-sensing/get-started.html]
[www.esri.com/en-us/arcgis/products/data-management.html]
[www.esri.com/en-us/arcgis/products/arcgis-data-reviewer/overview.html]
[www.esri.com/en-us/arcgis/products/arcgis-hub/overview.html]
[www.esri.com/en-us/contact61a0.html]
[www.esri.com/en-us/arcgis/products/field-operations/overview0f70.html]
[www.esri.com/en-us/arcgis/products/apps-for-everyone/office.html]
[www.esri.com/en-us/arcgis/products/apps-for-everyone/community.html]
[www.esri.com/en-us/arcgis/products/apps-for-everyone/builders.html]
[www.esri.com/en-us/arcgis/products/arcgis-collector/overview.html]
[www.esri.com/en-us/arcgis/products/arcgis-navigator/overview.html]
[www.esri.com/en-us/arcgis/products/arcgis-workforce/overview.html]
[www.esri.com/en-us/arcgis/products/arcgis-survey123/overview.html]
[www.esri.com/en-us/arcgis/products/arcgis-earth/overview.html]
[www.esri.com/en-us/arcgis/products/arcgis-maps-for-power-bi/overview.html]
[www.esri.com/en-us/arcgis/products/arcgis-maps-for-office/overview.html]
[www.esri.com/en-us/arcgis/products/arcgis-business-analyst/applications/web-mobile-apps.html]
[www.esri.com/en-us/arcgis/products/arcgis-community-analyst/overview.html]
[www.esri.com/en-us/arcgis/products/arcgis-geoplanner/overview.html]
[www.esri.com/en-us/arcgis/products/arcgis-maps-for-sharepoint/overview.html]
[www.esri.com/en-us/arcgis/products/maps-for-adobecc/overview.html]
[www.esri.com/en-us/arcgis/products/arcgis-insights/overview8084.html]
[www.esri.com/en-us/arcgis/products/arcgis-drone2map/overview.html]
[www.esri.com/en-us/arcgis/products/arcgis-appstudio/overview.html]
[www.esri.com/en-us/arcgis/products/arcgis-experience-builder/overview.html]
[www.esri.com/en-us/arcgis/products/esri-redistricting/overview.html]
[www.esri.com/en-us/arcgis/products/arcgis-online/buy321f.html]
[www.esri.com/en-us/arcgis/products/arcgis-for-developers/features/maps.html]
[www.esri.com/en-us/arcgis/products/arcgis-for-developers/features/data-visualizations.html]
[www.esri.com/en-us/arcgis/products/arcgis-for-developers/features/geocoding.html]
[www.esri.com/en-us/arcgis/products/arcgis-for-developers/features/routing-directions.html]
[www.esri.com/en-us/arcgis/products/arcgis-for-developers/features/ready-use-data.html]
[www.esri.com/en-us/arcgis/products/arcgis-for-developers/features/spatial-analysis.html]
[www.esri.com/en-us/arcgis/products/arcgis-for-developers/features/data-hosting.html]
[www.esri.com/en-us/arcgis/products/arcgis-for-developers/features/offline-apps.html]
[www.esri.com/en-us/landing-page/corporate-programs/2020/county-of-bonneville-case-study.html]
[www.esri.com/en-us/arcgis/services/overview/gc-advantagepoint.html]
[www.esri.com/en-us/about/events/uc/agenda/agenda.html]
[www.esri.com/en-us/about/events/uc/agenda/plenary.html]
[www.esri.com/en-us/about/events/uc/agenda/search.html]
[www.esri.com/en-us/about/events/uc/agenda/proceedings.html]
[www.esri.com/en-us/about/events/uc/experience/health-fitness.html]
[www.esri.com/en-us/about/events/uc/experience/related-events.html]
[www.esri.com/en-us/about/events/uc/experience/awards.html]
[www.esri.com/en-us/about/events/uc/experience/arcgis-appointments.html]
[www.esri.com/en-us/about/events/uc/experience/sponsors-and-exhibitors.html]
[www.esri.com/en-us/about/events/uc/experience/store.html]
[www.esri.com/en-us/about/events/uc/get-involved/lightning-talks.html]
[www.esri.com/en-us/about/events/uc/get-involved/become-sponsor-exhibitor.html]
[www.esri.com/en-us/about/events/uc/get-involved/map-gallery.html]
[www.esri.com/en-us/about/events/uc/get-involved/q-a.html]
[www.esri.com/en-us/about/events/uc/esri-uc-map-gallery.html]
[www.esri.com/en-us/about/events/uc/faqs.html]
[www.esri.com/en-us/about/events/uc/login.html]
[www.esri.com/en-us/arcgis/products/arcgis-online/capabilities/analyze-data.html]
[www.esri.com/en-us/arcgis/products/arcgis-online/capabilities/share.html]
[www.esri.com/en-us/arcgis/products/arcgis-online/capabilities/collaborate.html]
[www.esri.com/en-us/arcgis/products/arcgis-online/resources.html]
[www.esri.com/en-us/arcgis/products/arcgis-online/buy.html]
[www.esri.com/en-us/arcgis/products/arcgis-online/trial.html]
[www.esri.com/en-us/arcgis/products/arcgis-online/overview#contact.html]
[www.esri.com/en-us/arcgis/products/arcgis-online/enterprise-ready.html]
[www.esri.com/en-us/arcgis/products/arcgis-online/overview/kenton-county.html]
[www.esri.com/en-us/arcgis/products/arcgis-enterprise/pricing.html]
[www.esri.com/en-us/arcgis/products/arcgis-enterprise/resources.html]
[www.esri.com/en-us/landing-page/product/2020/st-petersburg-police-dept-case-study.html]
[www.esri.com/en-us/landing-page/product/2019/farr-west-engineering-case-study.html]
[www.esri.com/en-us/arcgis/products/arcgis-enterprise/overview/three-rivers-park-district-case-study.html]
[www.esri.com/en-us/arcgis/products/arcgis-enterprise/overview/case-study-lyse.html]
[www.esri.com/en-us/arcgis/products/arcgis-enterprise/overview/case-study-chick-fil-a.html]
[www.esri.com/en-us/arcgis/products/arcgis-enterprise/newsletter.html]
[www.esri.com/en-us/manage-subscriptions.html]
[www.esri.com/en-us/landing-page/product/2020/news-sign-up19c2.html]
[www.esri.com/en-us/arcgis/products/location-services/services/basemaps.html]
[www.esri.com/en-us/arcgis/products/data-appliance/overview.html]
[www.esri.com/en-us/arcgis/products/data/overview.html]
[www.esri.com/en-us/arcgis/products/location-services/overview.html]
[www.esri.com/en-us/arcgis/products/data/data-portfolio/imagery.html]
[www.esri.com/en-us/arcgis/products/data/data-portfolio/demographics.html]
[www.esri.com/en-us/arcgis/products/data/data-portfolio/business-behavioral.html]
[www.esri.com/en-us/arcgis/products/data/data-portfolio/tapestry-segmentation.html]
[www.esri.com/en-us/arcgis/products/data/data-portfolio/environmental.html]
[www.esri.com/en-us/arcgis/products/data/data-portfolio/movement.html]
[www.esri.com/en-us/arcgis/products/data/data-portfolio/places.html]
[www.esri.com/en-us/arcgis/products/data/data-portfolio/infrastructure.html]
[www.esri.com/en-us/industries/needs/market-customer-analysis.html]
[www.esri.com/en-us/industries/needs/supply-chain-digitization.html]
[www.esri.com/en-us/industries/needs/logistics-fulfillment.html]
[www.esri.com/en-us/see/stories/walgreens.html]
[www.esri.com/en-us/see/stories/mta.html]
[www.esri.com/en-us/see/stories/port-of-rotterdam.html]
[www.esri.com/en-us/see/stories/lax.html]
[www.esri.com/en-us/see/stories/singapore.html]
[www.esri.com/en-us/see/stories/cal-oes.html]
[www.esri.com/en-us/see/stories/african-parks.html]
[www.esri.com/en-us/industries/needs/asset-tracking-analysis.html]
[www.esri.com/en-us/industries/needs/facility-management.html]
[www.esri.com/en-us/industries/needs/field-service-management.html]
[www.esri.com/en-us/industries/needs/performance-monitoring.html]
[www.esri.com/en-us/industries/needs/real-time-location-tracking.html]
[www.esri.com/en-us/industries/needs/risk-management.html]
[www.esri.com/en-us/industries/needs/civic-inclusion.html]
[www.esri.com/en-us/industries/needs/crisis-response.html]
[www.esri.com/en-us/industries/needs/economic-development.html]
[www.esri.com/en-us/industries/needs/operational-efficiency.html]
[www.esri.com/en-us/industries/needs/planning-sustainability.html]
[www.esri.com/en-us/industries/needs/safety-security.html]
[www.esri.com/en-us/industries/needs/situational-awareness.html]
[www.esri.com/en-us/about/events/water-conference/agenda/agenda.html]
[www.esri.com/en-us/about/events/water-conference/agenda/plenary.html]
[www.esri.com/en-us/about/events/water-conference/agenda/training.html]
[www.esri.com/en-us/about/events/water-conference/experience/mobile-workshop.html]
[www.esri.com/en-us/about/events/water-conference/get-involved/call-for-presentations.html]
[www.esri.com/en-us/about/events/water-conference/registration.html]
[www.esri.com/en-us/about/events/geoconx/agenda/agenda.html]
[www.esri.com/en-us/about/events/geoconx/agenda/plenary.html]
[www.esri.com/en-us/about/events/geoconx/get-involved/call-for-papers.html]
[www.esri.com/en-us/about/events/geoconx/registration.html]
[www.esri.com/en-us/about/events/gis-sustainable-world/experience/sponsors-exhibitors.html]
[www.esri.com/en-us/about/events/imagery-summit/registration.html]
[www.esri.com/en-us/about/events/esri-european-geoconx-conference.html]
[www.esri.com/en-us/about/events/partner-conference/agenda/agenda.html]
[www.esri.com/en-us/about/events/partner-conference/experience/showcase.html]
[www.esri.com/en-us/about/events/partner-conference/experience/things-to-do.html]
[www.esri.com/en-us/about/events/partner-conference/get-involved/become-sponsor-exhibitor.html]
[www.esri.com/en-us/about/events/partner-conference/get-involved/call-for-images.html]
[www.esri.com/en-us/about/events/partner-conference/plan-your-trip/hotel.html]
[www.esri.com/en-us/about/events/partner-conference/plan-your-trip/groups.html]
[www.esri.com/en-us/about/events/partner-conference/plan-your-trip/transportation.html]
[www.esri.com/en-us/about/events/partner-conference/plan-your-trip/on-site-services.html]
[www.esri.com/en-us/about/events/partner-conference/register.html]
[www.esri.com/en-us/about/events/esri-midwest-uc/agenda/agenda.html]
[www.esri.com/en-us/about/events/esri-midwest-uc/agenda/plenary.html]
[www.esri.com/en-us/about/events/esri-midwest-uc/agenda/hands-on-learning-lab.html]
[www.esri.com/en-us/about/events/esri-midwest-uc/agenda/preconference-seminars.html]
